[?25l[?2004h[36mâ•­â”€â”€â”€â”€â”€â”€â”€â”€â”€â”€â”€â”€â”€â”€â”€â”€â”€â”€â”€â”€â”€â”€â”€â”€â”€â”€â”€â”€â•®[0m[K
[36mâ”‚[0m                            [36mâ”‚[0m[K
[36mâ”‚[0m        [1;97mðŸª¿ GOOSE ðŸª¿[0m         [36mâ”‚[0m[K
[36mâ”‚[0m                            [36mâ”‚[0m[K
[36mâ”‚[0m  [46m                        [0m  [36mâ”‚[0m[K
[36mâ”‚[0m  [46m                      [92m[0m[46m  [0m  [36mâ”‚[0m[K
[36mâ”‚[0m  [46m                     [1;92m0[0m[46m  [0m  [36mâ”‚[0m[K
[36mâ”‚[0m  [46m                        [0m  [36mâ”‚[0m[K
[36mâ”‚[0m                            [36mâ”‚[0m[K
[36mâ”‚[0m  [101m  [0m[1;97;101mAC[0m[101m  [0m[100m [0m[1;97;100m+/-[0m[100m    [0m[1;97;100m%[0m[100m   [0m[101m  [0m[1;97;101m/[0m[101m   [0m  [36mâ”‚[0m[K
[36mâ”‚[0m  [101m      [0m[100m            [0m[101m      [0m  [36mâ”‚[0m[K
[36mâ”‚[0m  [104m  [0m[1;97;104m7[0m[104m     [0m[1;97;104m8[0m[104m     [0m[1;97;104m9[0m[104m   [0m[101m  [0m[1;97;101mx[0m[101m   [0m  [36mâ”‚[0m[K
[36mâ”‚[0m  [104m                  [0m[101m      [0m  [36mâ”‚[0m[K
[36mâ”‚[0m  [104m  [0m[1;97;104m4[0m[104m     [0m[1;97;104m5[0m[104m     [0m[1;97;104m6[0m[104m   [0m[101m  [0m[1;97;101m-[0m[101m   [0m  [36mâ”‚[0m[K
[36mâ”‚[0m  [104m                  [0m[101m      [0m  [36mâ”‚[0m[K
[36mâ”‚[0m  [104m  [0m[1;97;104m1[0m[104m     [0m[1;97;104m2[0m[104m     [0m[1;97;104m3[0m[104m   [0m[101m  [0m[1;97;101m+[0m[101m   [0m  [36mâ”‚[0m[K
[36mâ”‚[0m  [104m                  [0m[101m      [0m  [36mâ”‚[0m[K
[36mâ”‚[0m  [100m     [0m[1;97;100m0[0m[100m        [0m[1;97;100m.[0m[100m   [0m[101m  [0m[1;97;101m=[0m[101m   [0m  [36mâ”‚[0m[K
[36mâ”‚[0m  [100m                  [0m[101m      [0m  [36mâ”‚[0m[K
[36mâ”‚[0m                            [36mâ”‚[0m[K
[36mâ”‚[0m   [36mPress q or esc to quit[0m   [36mâ”‚[0m[K
[36mâ”‚[0m                            [36mâ”‚[0m[K
[36mâ•°â”€â”€â”€â”€â”€â”€â”€â”€â”€â”€â”€â”€â”€â”€â”€â”€â”€â”€â”€â”€â”€â”€â”€â”€â”€â”€â”€â”€â•¯[0m[K[22A




[36mâ”‚[0m  [46m             [92m2 + 3 = 5[0m[46m  [0m  [36mâ”‚[0m[K
[36mâ”‚[0m  [46m                     [1;92m5[0m[46m  [0m  [36mâ”‚[0m[K


[36mâ”‚[0m  [103m  [0m[1;30;103mAC[0m[103m  [0m[100m [0m[1;97;100m+/-[0m[100m    [0m[1;97;100m%[0m[100m   [0m[101m  [0m[1;97;101m/[0m[101m   [0m  [36mâ”‚[0m[K
[36mâ”‚[0m  [103m      [0m[100m            [0m[101m      [0m  [36mâ”‚[0m[K






[36mâ”‚[0m  [100m     [0m[1;97;100m0[0m[100m        [0m[1;97;100m.[0m[100m   [0m[104m  [0m[1;97;104m=[0m[104m   [0m  [36mâ”‚[0m[K
[36mâ”‚[0m  [100m                  [0m[104m      [0m  [36mâ”‚[0m[K



[22AThanks for using the Goose Calculator![K
[K[J[2K[?2004l[?25h[?1002l[?1003l[?1006l